I'm sorry, but errors were detected in your script. Please correct the
errors listed below, and try again.


File "game/script.rpy", line 369: expected 'image_name_component' not found.
    show 
         ^

Ren'Py Version: Ren'Py 8.0.2.22081402
Thu Nov  3 11:37:35 2022
