Using pre-set license
Built from '2022.3/staging' branch; Version is '2022.3.29f1 (8d510ca76d2b) revision 9261324'; Using compiler version '192829333'; Build Type 'Release'
OS: 'Windows 11  (10.0.22631) 64bit Professional' Language: 'es' Physical Memory: 15205 MB
BatchMode: 1, IsHumanControllingUs: 0, StartBugReporterOnCrash: 0, Is64bit: 1, IsPro: 1

COMMAND LINE ARGUMENTS:
C:\Program Files\Unity\Hub\Editor\2022.3.29f1\Editor\Unity.exe
-adb2
-batchMode
-noUpm
-name
AssetImportWorker1
-projectPath
F:/Lexium-Repo/Lexium
-logFile
Logs/AssetImportWorker1.log
-srvPort
59622
Successfully changed project path to: F:/Lexium-Repo/Lexium
F:/Lexium-Repo/Lexium
[UnityMemory] Configuration Parameters - Can be set up in boot.config
    "memorysetup-bucket-allocator-granularity=16"
    "memorysetup-bucket-allocator-bucket-count=8"
    "memorysetup-bucket-allocator-block-size=33554432"
    "memorysetup-bucket-allocator-block-count=8"
    "memorysetup-main-allocator-block-size=16777216"
    "memorysetup-thread-allocator-block-size=16777216"
    "memorysetup-gfx-main-allocator-block-size=16777216"
    "memorysetup-gfx-thread-allocator-block-size=16777216"
    "memorysetup-cache-allocator-block-size=4194304"
    "memorysetup-typetree-allocator-block-size=2097152"
    "memorysetup-profiler-bucket-allocator-granularity=16"
    "memorysetup-profiler-bucket-allocator-bucket-count=8"
    "memorysetup-profiler-bucket-allocator-block-size=33554432"
    "memorysetup-profiler-bucket-allocator-block-count=8"
    "memorysetup-profiler-allocator-block-size=16777216"
    "memorysetup-profiler-editor-allocator-block-size=1048576"
    "memorysetup-temp-allocator-size-main=16777216"
    "memorysetup-job-temp-allocator-block-size=2097152"
    "memorysetup-job-temp-allocator-block-size-background=1048576"
    "memorysetup-job-temp-allocator-reduction-small-platforms=262144"
    "memorysetup-allocator-temp-initial-block-size-main=262144"
    "memorysetup-allocator-temp-initial-block-size-worker=262144"
    "memorysetup-temp-allocator-size-background-worker=32768"
    "memorysetup-temp-allocator-size-job-worker=262144"
    "memorysetup-temp-allocator-size-preload-manager=33554432"
    "memorysetup-temp-allocator-size-nav-mesh-worker=65536"
    "memorysetup-temp-allocator-size-audio-worker=65536"
    "memorysetup-temp-allocator-size-cloud-worker=32768"
    "memorysetup-temp-allocator-size-gi-baking-worker=262144"
    "memorysetup-temp-allocator-size-gfx=262144"
Player connection [13036] Host "[IP] 192.168.10.139 [Port] 0 [Flags] 2 [Guid] 1527580012 [EditorId] 1527580012 [Version] 1048832 [Id] WindowsEditor(7,DESKTOP-PAATDI4) [Debug] 1 [PackageName] WindowsEditor [ProjectName] Editor" joined multi-casting on [225.0.0.222:54997]...

Player connection [13036] Host "[IP] 192.168.10.139 [Port] 0 [Flags] 2 [Guid] 1527580012 [EditorId] 1527580012 [Version] 1048832 [Id] WindowsEditor(7,DESKTOP-PAATDI4) [Debug] 1 [PackageName] WindowsEditor [ProjectName] Editor" joined alternative multi-casting on [225.0.0.222:34997]...

[Physics::Module] Initialized MultithreadedJobDispatcher with 7 workers.
Refreshing native plugins compatible for Editor in 8.93 ms, found 3 plugins.
Preloading 0 native plugins for Editor in 0.00 ms.
Initialize engine version: 2022.3.29f1 (8d510ca76d2b)
[Subsystems] Discovering subsystems at path C:/Program Files/Unity/Hub/Editor/2022.3.29f1/Editor/Data/Resources/UnitySubsystems
[Subsystems] Discovering subsystems at path F:/Lexium-Repo/Lexium/Assets
GfxDevice: creating device client; threaded=0; jobified=0
Direct3D:
    Version:  Direct3D 11.0 [level 11.1]
    Renderer: Intel(R) UHD Graphics 630 (ID=0x9bc8)
    Vendor:   Intel
    VRAM:     7602 MB
    Driver:   31.0.101.2111
Initialize mono
Mono path[0] = 'C:/Program Files/Unity/Hub/Editor/2022.3.29f1/Editor/Data/Managed'
Mono path[1] = 'C:/Program Files/Unity/Hub/Editor/2022.3.29f1/Editor/Data/MonoBleedingEdge/lib/mono/unityjit-win32'
Mono config path = 'C:/Program Files/Unity/Hub/Editor/2022.3.29f1/Editor/Data/MonoBleedingEdge/etc'
Using monoOptions --debugger-agent=transport=dt_socket,embedding=1,server=y,suspend=n,address=127.0.0.1:56996
Begin MonoManager ReloadAssembly
Registering precompiled unity dll's ...
Register platform support module: C:/Program Files/Unity/Hub/Editor/2022.3.29f1/Editor/Data/PlaybackEngines/WebGLSupport/UnityEditor.WebGL.Extensions.dll
Register platform support module: C:/Program Files/Unity/Hub/Editor/2022.3.29f1/Editor/Data/PlaybackEngines/AndroidPlayer/UnityEditor.Android.Extensions.dll
Register platform support module: C:/Program Files/Unity/Hub/Editor/2022.3.29f1/Editor/Data/PlaybackEngines/iOSSupport/UnityEditor.iOS.Extensions.dll
Register platform support module: C:/Program Files/Unity/Hub/Editor/2022.3.29f1/Editor/Data/PlaybackEngines/WindowsStandaloneSupport/UnityEditor.WindowsStandalone.Extensions.dll
Registered in 0.017476 seconds.
- Loaded All Assemblies, in  0.425 seconds
Native extension for WindowsStandalone target not found
[usbmuxd] Start listen thread
[usbmuxd] Listen thread started
[usbmuxd] Send listen message
Native extension for iOS target not found
Native extension for Android target not found
Android Extension - Scanning For ADB Devices 2242 ms
Native extension for WebGL target not found
Mono: successfully reloaded assembly
- Finished resetting the current domain, in  3.302 seconds
Domain Reload Profiling: 3725ms
	BeginReloadAssembly (132ms)
		ExecutionOrderSort (0ms)
		DisableScriptedObjects (0ms)
		BackupInstance (0ms)
		ReleaseScriptingObjects (0ms)
		CreateAndSetChildDomain (1ms)
	RebuildCommonClasses (35ms)
	RebuildNativeTypeToScriptingClass (16ms)
	initialDomainReloadingComplete (74ms)
	LoadAllAssembliesAndSetupDomain (165ms)
		LoadAssemblies (131ms)
		RebuildTransferFunctionScriptingTraits (0ms)
		AnalyzeDomain (161ms)
			TypeCache.Refresh (159ms)
				TypeCache.ScanAssembly (145ms)
			ScanForSourceGeneratedMonoScriptInfo (0ms)
			ResolveRequiredComponents (0ms)
	FinalizeReload (3304ms)
		ReleaseScriptCaches (0ms)
		RebuildScriptCaches (0ms)
		SetupLoadedEditorAssemblies (3210ms)
			LogAssemblyErrors (0ms)
			InitializePlatformSupportModulesInManaged (2426ms)
			SetLoadedEditorAssemblies (12ms)
			RefreshPlugins (0ms)
			BeforeProcessingInitializeOnLoad (8ms)
			ProcessInitializeOnLoadAttributes (615ms)
			ProcessInitializeOnLoadMethodAttributes (149ms)
			AfterProcessingInitializeOnLoad (0ms)
			EditorAssembliesLoaded (1ms)
		ExecutionOrderSort2 (0ms)
		AwakeInstancesAfterBackupRestoration (0ms)
========================================================================
Worker process is ready to serve import requests
Begin MonoManager ReloadAssembly
- Loaded All Assemblies, in  2.547 seconds
Refreshing native plugins compatible for Editor in 9.36 ms, found 3 plugins.
Native extension for WindowsStandalone target not found
Native extension for iOS target not found
Native extension for Android target not found
Native extension for WebGL target not found
Package Manager log level set to [2]
[Package Manager] Server::EnsureServerProcessIsRunning -- launch failed, reason: Unity was launched with the -noUpm command-line argument
[Package Manager] UpmClient::Send -- Unable to send message (not connected to UPM process).
[Package Manager] Cannot connect to Unity Package Manager local server
Mono: successfully reloaded assembly
[Package Manager] Server::EnsureServerProcessIsRunning -- launch failed, reason: Unity was launched with the -noUpm command-line argument
[Package Manager] UpmClient::Send -- Unable to send message (not connected to UPM process).
[Package Manager] Cannot connect to Unity Package Manager local server
[Package Manager] Server::EnsureServerProcessIsRunning -- launch failed, reason: Unity was launched with the -noUpm command-line argument
[Package Manager] UpmClient::Send -- Unable to send message (not connected to UPM process).
[Package Manager] Cannot connect to Unity Package Manager local server
- Finished resetting the current domain, in  2.259 seconds
Domain Reload Profiling: 4799ms
	BeginReloadAssembly (531ms)
		ExecutionOrderSort (0ms)
		DisableScriptedObjects (18ms)
		BackupInstance (0ms)
		ReleaseScriptingObjects (1ms)
		CreateAndSetChildDomain (69ms)
	RebuildCommonClasses (125ms)
	RebuildNativeTypeToScriptingClass (43ms)
	initialDomainReloadingComplete (134ms)
	LoadAllAssembliesAndSetupDomain (1704ms)
		LoadAssemblies (1259ms)
		RebuildTransferFunctionScriptingTraits (0ms)
		AnalyzeDomain (790ms)
			TypeCache.Refresh (660ms)
				TypeCache.ScanAssembly (611ms)
			ScanForSourceGeneratedMonoScriptInfo (90ms)
			ResolveRequiredComponents (37ms)
	FinalizeReload (2261ms)
		ReleaseScriptCaches (0ms)
		RebuildScriptCaches (0ms)
		SetupLoadedEditorAssemblies (1584ms)
			LogAssemblyErrors (0ms)
			InitializePlatformSupportModulesInManaged (105ms)
			SetLoadedEditorAssemblies (16ms)
			RefreshPlugins (0ms)
			BeforeProcessingInitializeOnLoad (210ms)
			ProcessInitializeOnLoadAttributes (1017ms)
			ProcessInitializeOnLoadMethodAttributes (214ms)
			AfterProcessingInitializeOnLoad (21ms)
			EditorAssembliesLoaded (0ms)
		ExecutionOrderSort2 (0ms)
		AwakeInstancesAfterBackupRestoration (22ms)
Launched and connected shader compiler UnityShaderCompiler.exe after 0.04 seconds
Refreshing native plugins compatible for Editor in 5.33 ms, found 3 plugins.
Preloading 0 native plugins for Editor in 0.00 ms.
Unloading 5988 Unused Serialized files (Serialized files now loaded: 0)
Unloading 76 unused Assets / (393.1 KB). Loaded Objects now: 6449.
Memory consumption went from 240.6 MB to 240.2 MB.
Total: 6.758000 ms (FindLiveObjects: 0.962500 ms CreateObjectMapping: 1.391300 ms MarkObjects: 3.906500 ms  DeleteObjects: 0.495200 ms)

AssetImportParameters requested are different than current active one (requested -> active):
  custom:container-demuxer-ogg: 62fdf1f143b41e24485cea50d1cbac27 -> 
  custom:video-codec-MediaFoundation-h265: 746d11721c4dcdbdad8f713fa42b33f4 -> 
  custom:video-decoder-ogg-theora: a1e56fd34408186e4bbccfd4996cb3dc -> 
  custom:framework-win-MediaFoundation: 216162199b28c13a410421893ffa2e32 -> 
  custom:CustomObjectIndexerAttribute: 72b91833f83ae208fae7752999fa3104 -> 
  custom:container-demuxer-webm: 4f35f7cbe854078d1ac9338744f61a02 -> 
  custom:container-muxer-webm: aa71ff27fc2769a1b78a27578f13a17b -> 
  custom:video-decoder-webm-vp8: 9c59270c3fd7afecdb556c50c9e8de78 -> 
  custom:SearchIndexIgnoredProperties: e643bd26f0fe6173181afceb89e7c659 -> 
  custom:AudioImporter_EditorPlatform: d09bf68614088b80899f8185d706f6e7 -> 
  custom:video-encoder-webm-vp8: eb34c28f22e8b96e1ab97ce403110664 -> 
  custom:audio-decoder-ogg-vorbis: bf7c407c2cedff20999df2af8eb42d56 -> 
  custom:audio-encoder-webm-vorbis: bf7c407c2cedff20999df2af8eb42d56 -> 
========================================================================
Received Prepare
Assembly with name 'Unity.Microgame.Tutorials' already exists (Assets/sq_shooter/FPS/Tutorials/BuildAndPublish/Criteria/Unity.Microgame.Tutorials.asmdef)
Assembly with name 'Unity.Microgame.Tutorials' already exists (Assets/FPS/Tutorials/BuildAndPublish/Criteria/Unity.Microgame.Tutorials.asmdef)
Assembly with name 'fps.AI' already exists (Assets/sq_shooter/FPS/Scripts/AI/fps.AI.asmdef)
Assembly with name 'fps.AI' already exists (Assets/FPS/Scripts/AI/fps.AI.asmdef)
Assembly with name 'fps.Game' already exists (Assets/sq_shooter/FPS/Scripts/Game/fps.Game.asmdef)
Assembly with name 'fps.Game' already exists (Assets/FPS/Scripts/Game/fps.Game.asmdef)
Assembly with name 'NavMeshComponents' already exists (Assets/sq_shooter/NavMeshComponents/Scripts/NavMeshComponents.asmdef)
Assembly with name 'NavMeshComponents' already exists (Assets/NavMeshComponents/Scripts/NavMeshComponents.asmdef)
Assembly with name 'LeanCommon' already exists (Assets/sq_shooter/Plugins/CW/LeanCommon/LeanCommon.asmdef)
Assembly with name 'LeanCommon' already exists (Assets/Plugins/CW/LeanCommon/LeanCommon.asmdef)
Assembly with name 'LeanTouch' already exists (Assets/sq_shooter/Plugins/CW/LeanTouch/LeanTouch.asmdef)
Assembly with name 'LeanTouch' already exists (Assets/Plugins/CW/LeanTouch/LeanTouch.asmdef)
Assembly with name 'fps.Editor' already exists (Assets/sq_shooter/FPS/Scripts/Editor/fps.Editor.asmdef)
Assembly with name 'fps.Editor' already exists (Assets/FPS/Scripts/Editor/fps.Editor.asmdef)
Assembly with name 'fps.Gameplay' already exists (Assets/FPS/Scripts/Gameplay/fps.Gameplay.asmdef)
Assembly with name 'fps.Gameplay' already exists (Assets/sq_shooter/FPS/Scripts/Gameplay/fps.Gameplay.asmdef)
Assembly with name 'Unity.FPS.Tutorials' already exists (Assets/sq_shooter/FPS/Tutorials/Unity.FPS.Tutorials.asmdef)
Assembly with name 'Unity.FPS.Tutorials' already exists (Assets/FPS/Tutorials/Unity.FPS.Tutorials.asmdef)
Assembly with name 'CW.Common' already exists (Assets/Plugins/CW/Shared/Common/CW.Common.asmdef)
Assembly with name 'CW.Common' already exists (Assets/sq_shooter/Plugins/CW/Shared/Common/CW.Common.asmdef)
Assembly with name 'fps.UI' already exists (Assets/FPS/Scripts/UI/fps.UI.asmdef)
Assembly with name 'fps.UI' already exists (Assets/sq_shooter/FPS/Scripts/UI/fps.UI.asmdef)
Assembly with name 'NavMeshComponentsEditor' already exists (Assets/NavMeshComponents/Editor/NavMeshComponentsEditor.asmdef)
Assembly with name 'NavMeshComponentsEditor' already exists (Assets/sq_shooter/NavMeshComponents/Editor/NavMeshComponentsEditor.asmdef)
Assembly with name 'Unity.Microgame.Tutorials' already exists (Assets/sq_shooter/FPS/Tutorials/BuildAndPublish/Criteria/Unity.Microgame.Tutorials.asmdef)
Assembly with name 'Unity.Microgame.Tutorials' already exists (Assets/FPS/Tutorials/BuildAndPublish/Criteria/Unity.Microgame.Tutorials.asmdef)
Assembly with name 'fps.AI' already exists (Assets/sq_shooter/FPS/Scripts/AI/fps.AI.asmdef)
Assembly with name 'fps.AI' already exists (Assets/FPS/Scripts/AI/fps.AI.asmdef)
Assembly with name 'fps.Game' already exists (Assets/sq_shooter/FPS/Scripts/Game/fps.Game.asmdef)
Assembly with name 'fps.Game' already exists (Assets/FPS/Scripts/Game/fps.Game.asmdef)
Assembly with name 'NavMeshComponents' already exists (Assets/sq_shooter/NavMeshComponents/Scripts/NavMeshComponents.asmdef)
Assembly with name 'NavMeshComponents' already exists (Assets/NavMeshComponents/Scripts/NavMeshComponents.asmdef)
Assembly with name 'LeanCommon' already exists (Assets/sq_shooter/Plugins/CW/LeanCommon/LeanCommon.asmdef)
Assembly with name 'LeanCommon' already exists (Assets/Plugins/CW/LeanCommon/LeanCommon.asmdef)
Assembly with name 'LeanTouch' already exists (Assets/sq_shooter/Plugins/CW/LeanTouch/LeanTouch.asmdef)
Assembly with name 'LeanTouch' already exists (Assets/Plugins/CW/LeanTouch/LeanTouch.asmdef)
Assembly with name 'fps.Editor' already exists (Assets/sq_shooter/FPS/Scripts/Editor/fps.Editor.asmdef)
Assembly with name 'fps.Editor' already exists (Assets/FPS/Scripts/Editor/fps.Editor.asmdef)
Assembly with name 'fps.Gameplay' already exists (Assets/FPS/Scripts/Gameplay/fps.Gameplay.asmdef)
Assembly with name 'fps.Gameplay' already exists (Assets/sq_shooter/FPS/Scripts/Gameplay/fps.Gameplay.asmdef)
Assembly with name 'Unity.FPS.Tutorials' already exists (Assets/sq_shooter/FPS/Tutorials/Unity.FPS.Tutorials.asmdef)
Assembly with name 'Unity.FPS.Tutorials' already exists (Assets/FPS/Tutorials/Unity.FPS.Tutorials.asmdef)
Assembly with name 'CW.Common' already exists (Assets/Plugins/CW/Shared/Common/CW.Common.asmdef)
Assembly with name 'CW.Common' already exists (Assets/sq_shooter/Plugins/CW/Shared/Common/CW.Common.asmdef)
Assembly with name 'fps.UI' already exists (Assets/FPS/Scripts/UI/fps.UI.asmdef)
Assembly with name 'fps.UI' already exists (Assets/sq_shooter/FPS/Scripts/UI/fps.UI.asmdef)
Assembly with name 'NavMeshComponentsEditor' already exists (Assets/NavMeshComponents/Editor/NavMeshComponentsEditor.asmdef)
Assembly with name 'NavMeshComponentsEditor' already exists (Assets/sq_shooter/NavMeshComponents/Editor/NavMeshComponentsEditor.asmdef)
Begin MonoManager ReloadAssembly
- Loaded All Assemblies, in  0.675 seconds
Refreshing native plugins compatible for Editor in 5.66 ms, found 3 plugins.
Native extension for WindowsStandalone target not found
Native extension for iOS target not found
Native extension for Android target not found
Native extension for WebGL target not found
Assembly with name 'Unity.Microgame.Tutorials' already exists (Assets/sq_shooter/FPS/Tutorials/BuildAndPublish/Criteria/Unity.Microgame.Tutorials.asmdef)
Assembly with name 'Unity.Microgame.Tutorials' already exists (Assets/FPS/Tutorials/BuildAndPublish/Criteria/Unity.Microgame.Tutorials.asmdef)
Assembly with name 'fps.AI' already exists (Assets/sq_shooter/FPS/Scripts/AI/fps.AI.asmdef)
Assembly with name 'fps.AI' already exists (Assets/FPS/Scripts/AI/fps.AI.asmdef)
Assembly with name 'fps.Game' already exists (Assets/sq_shooter/FPS/Scripts/Game/fps.Game.asmdef)
Assembly with name 'fps.Game' already exists (Assets/FPS/Scripts/Game/fps.Game.asmdef)
Assembly with name 'NavMeshComponents' already exists (Assets/sq_shooter/NavMeshComponents/Scripts/NavMeshComponents.asmdef)
Assembly with name 'NavMeshComponents' already exists (Assets/NavMeshComponents/Scripts/NavMeshComponents.asmdef)
Assembly with name 'LeanCommon' already exists (Assets/sq_shooter/Plugins/CW/LeanCommon/LeanCommon.asmdef)
Assembly with name 'LeanCommon' already exists (Assets/Plugins/CW/LeanCommon/LeanCommon.asmdef)
Assembly with name 'LeanTouch' already exists (Assets/sq_shooter/Plugins/CW/LeanTouch/LeanTouch.asmdef)
Assembly with name 'LeanTouch' already exists (Assets/Plugins/CW/LeanTouch/LeanTouch.asmdef)
Assembly with name 'fps.Editor' already exists (Assets/sq_shooter/FPS/Scripts/Editor/fps.Editor.asmdef)
Assembly with name 'fps.Editor' already exists (Assets/FPS/Scripts/Editor/fps.Editor.asmdef)
Assembly with name 'fps.Gameplay' already exists (Assets/FPS/Scripts/Gameplay/fps.Gameplay.asmdef)
Assembly with name 'fps.Gameplay' already exists (Assets/sq_shooter/FPS/Scripts/Gameplay/fps.Gameplay.asmdef)
Assembly with name 'Unity.FPS.Tutorials' already exists (Assets/sq_shooter/FPS/Tutorials/Unity.FPS.Tutorials.asmdef)
Assembly with name 'Unity.FPS.Tutorials' already exists (Assets/FPS/Tutorials/Unity.FPS.Tutorials.asmdef)
Assembly with name 'CW.Common' already exists (Assets/Plugins/CW/Shared/Common/CW.Common.asmdef)
Assembly with name 'CW.Common' already exists (Assets/sq_shooter/Plugins/CW/Shared/Common/CW.Common.asmdef)
Assembly with name 'fps.UI' already exists (Assets/FPS/Scripts/UI/fps.UI.asmdef)
Assembly with name 'fps.UI' already exists (Assets/sq_shooter/FPS/Scripts/UI/fps.UI.asmdef)
Assembly with name 'NavMeshComponentsEditor' already exists (Assets/NavMeshComponents/Editor/NavMeshComponentsEditor.asmdef)
Assembly with name 'NavMeshComponentsEditor' already exists (Assets/sq_shooter/NavMeshComponents/Editor/NavMeshComponentsEditor.asmdef)
[Package Manager] Server::EnsureServerProcessIsRunning -- launch failed, reason: Unity was launched with the -noUpm command-line argument
[Package Manager] UpmClient::Send -- Unable to send message (not connected to UPM process).
[Package Manager] Cannot connect to Unity Package Manager local server
Mono: successfully reloaded assembly
[Package Manager] Server::EnsureServerProcessIsRunning -- launch failed, reason: Unity was launched with the -noUpm command-line argument
[Package Manager] UpmClient::Send -- Unable to send message (not connected to UPM process).
[Package Manager] Cannot connect to Unity Package Manager local server
- Finished resetting the current domain, in  1.624 seconds
Domain Reload Profiling: 2294ms
	BeginReloadAssembly (202ms)
		ExecutionOrderSort (0ms)
		DisableScriptedObjects (7ms)
		BackupInstance (0ms)
		ReleaseScriptingObjects (0ms)
		CreateAndSetChildDomain (46ms)
	RebuildCommonClasses (53ms)
	RebuildNativeTypeToScriptingClass (15ms)
	initialDomainReloadingComplete (47ms)
	LoadAllAssembliesAndSetupDomain (353ms)
		LoadAssemblies (406ms)
		RebuildTransferFunctionScriptingTraits (0ms)
		AnalyzeDomain (61ms)
			TypeCache.Refresh (16ms)
				TypeCache.ScanAssembly (3ms)
			ScanForSourceGeneratedMonoScriptInfo (25ms)
			ResolveRequiredComponents (18ms)
	FinalizeReload (1624ms)
		ReleaseScriptCaches (0ms)
		RebuildScriptCaches (0ms)
		SetupLoadedEditorAssemblies (723ms)
			LogAssemblyErrors (0ms)
			InitializePlatformSupportModulesInManaged (52ms)
			SetLoadedEditorAssemblies (8ms)
			RefreshPlugins (0ms)
			BeforeProcessingInitializeOnLoad (139ms)
			ProcessInitializeOnLoadAttributes (420ms)
			ProcessInitializeOnLoadMethodAttributes (94ms)
			AfterProcessingInitializeOnLoad (11ms)
			EditorAssembliesLoaded (0ms)
		ExecutionOrderSort2 (0ms)
		AwakeInstancesAfterBackupRestoration (19ms)
Refreshing native plugins compatible for Editor in 3.58 ms, found 3 plugins.
Preloading 0 native plugins for Editor in 0.00 ms.
Unloading 5799 Unused Serialized files (Serialized files now loaded: 0)
Unloading 48 unused Assets / (378.9 KB). Loaded Objects now: 6453.
Memory consumption went from 204.6 MB to 204.2 MB.
Total: 7.966400 ms (FindLiveObjects: 0.685700 ms CreateObjectMapping: 1.101400 ms MarkObjects: 5.830000 ms  DeleteObjects: 0.347000 ms)

Prepare: number of updated asset objects reloaded= 7
AssetImportParameters requested are different than current active one (requested -> active):
  custom:container-demuxer-ogg: 62fdf1f143b41e24485cea50d1cbac27 -> 
  custom:video-codec-MediaFoundation-h265: 746d11721c4dcdbdad8f713fa42b33f4 -> 
  custom:video-decoder-ogg-theora: a1e56fd34408186e4bbccfd4996cb3dc -> 
  custom:framework-win-MediaFoundation: 216162199b28c13a410421893ffa2e32 -> 
  custom:CustomObjectIndexerAttribute: 72b91833f83ae208fae7752999fa3104 -> 
  custom:container-demuxer-webm: 4f35f7cbe854078d1ac9338744f61a02 -> 
  custom:container-muxer-webm: aa71ff27fc2769a1b78a27578f13a17b -> 
  custom:video-decoder-webm-vp8: 9c59270c3fd7afecdb556c50c9e8de78 -> 
  custom:SearchIndexIgnoredProperties: e643bd26f0fe6173181afceb89e7c659 -> 
  custom:AudioImporter_EditorPlatform: d09bf68614088b80899f8185d706f6e7 -> 
  custom:video-encoder-webm-vp8: eb34c28f22e8b96e1ab97ce403110664 -> 
  custom:audio-decoder-ogg-vorbis: bf7c407c2cedff20999df2af8eb42d56 -> 
  custom:audio-encoder-webm-vorbis: bf7c407c2cedff20999df2af8eb42d56 -> 
